{
    "Id": 65761,
    "Title": "More Adventure Than Expected",
    "Description": "<Godoloto's stare is beady and accusatory. She huffs.>\n\n<Perhaps the ohuna can help you find and rescue Radiya.>",
    "ObjectivesText": "Work with Godoloto to find and rescue Radiya.",
    "AreaDescription": null,
    "PortraitGiverName": null,
    "PortraitGiverText": null,
    "PortraitTurnInName": null,
    "PortraitTurnInText": null,
    "ObjectivesCompletionText": null,
    "CompletionText": null,
    "RewardText": "$p!",
    "Objectives": [
        {
            "Hash": 743306256,
            "Text": "Godoloto's blessing received"
        },
        {
            "Hash": 3101580122,
            "Text": "Radiya found"
        },
        {
            "Hash": 3782594323,
            "Text": "Godoloto followed"
        }
    ]
}